[Mon May 11 06:54:29 2026] PHP 8.3.6 Development Server (http://localhost:8000) started
[Mon May 11 06:54:38 2026] [::1]:39750 Accepted
[Mon May 11 06:54:38 2026] [::1]:39750 [200]: GET /api.php
[Mon May 11 06:54:38 2026] [::1]:39750 Closing
[Mon May 11 06:55:06 2026] [::1]:51474 Accepted
[Mon May 11 06:55:06 2026] [::1]:51474 [200]: POST /api.php
[Mon May 11 06:55:06 2026] [::1]:51474 Closing
[Mon May 11 06:55:56 2026] [::1]:53256 Accepted
[Mon May 11 06:55:56 2026] [::1]:53256 [200]: GET /api.php
[Mon May 11 06:55:56 2026] [::1]:53256 Closing
[Mon May 11 07:12:58 2026] [::1]:40184 Accepted
[Mon May 11 07:12:58 2026] [::1]:40184 [200]: POST /api.php
[Mon May 11 07:12:58 2026] [::1]:40184 Closing
[Mon May 11 07:18:03 2026] [::1]:60942 Accepted
[Mon May 11 07:18:03 2026] [::1]:60942 [200]: GET /api.php
[Mon May 11 07:18:03 2026] [::1]:60942 Closing
[Mon May 11 07:20:16 2026] [::1]:53830 Accepted
[Mon May 11 07:20:16 2026] [::1]:53830 [200]: GET /
[Mon May 11 07:20:16 2026] [::1]:53830 Closing
[Mon May 11 07:20:16 2026] [::1]:53832 Accepted
[Mon May 11 07:20:16 2026] [::1]:53832 [200]: GET /script.js
[Mon May 11 07:20:16 2026] [::1]:53832 Closing
[Mon May 11 07:20:17 2026] [::1]:53840 Accepted
[Mon May 11 07:20:17 2026] [::1]:53840 [200]: GET /api.php
[Mon May 11 07:20:17 2026] [::1]:53840 Closing
[Mon May 11 07:20:20 2026] [::1]:53852 Accepted
[Mon May 11 07:20:20 2026] [::1]:53852 [200]: POST /api.php
[Mon May 11 07:20:20 2026] [::1]:53852 Closing
[Mon May 11 07:20:20 2026] [::1]:53868 Accepted
[Mon May 11 07:20:20 2026] [::1]:53868 [200]: GET /api.php
[Mon May 11 07:20:20 2026] [::1]:53868 Closing
